#-----------------------------------------------------------
# Vivado v2017.1 (64-bit)
# SW Build 1846317 on Fri Apr 14 18:55:03 MDT 2017
# IP Build 1846188 on Fri Apr 14 20:52:08 MDT 2017
# Start of session at: Fri Jun  9 12:07:38 2017
# Process ID: 10000
# Current directory: C:/Users/rhino/Desktop/Piano_Project
# Command line: vivado.exe -gui_launcher_event rodinguilauncherevent7868 C:\Users\rhino\Desktop\Piano_Project\Piano_Project.xpr
# Log file: C:/Users/rhino/Desktop/Piano_Project/vivado.log
# Journal file: C:/Users/rhino/Desktop/Piano_Project\vivado.jou
#-----------------------------------------------------------
start_gui
open_project C:/Users/rhino/Desktop/Piano_Project/Piano_Project.xpr
update_compile_order -fileset sources_1
launch_simulation
source Piano_Final.tcl
relaunch_sim
restart
add_force {/Piano_Final/oct_up} -radix hex {0 0ns}
add_force {/Piano_Final/oct_down} -radix hex {0 0ns}
add_force {/Piano_Final/clk_100MHz} -radix hex {0 0ns} {1 5000ps} -repeat_every 10000ps
add_force {/Piano_Final/Octave_in} -radix bin {1 0ns}
run 100 ms
relaunch_sim
restart
add_force {/Piano_Final/oct_up} -radix hex {0 0ns}
add_force {/Piano_Final/oct_down} -radix hex {0 0ns}
add_force {/Piano_Final/clk_100MHz} -radix hex {0 0ns} {1 500ps} -repeat_every 1000ps
add_force {/Piano_Final/clk_100MHz} -radix hex {0 0ns} {1 5000ps} -repeat_every 10000ps
add_force {/Piano_Final/Octave_in} -radix hex {1 0ns}
run 100 ms
reset_run synth_1
launch_runs synth_1 -jobs 2
wait_on_run synth_1
launch_runs impl_1 -jobs 2
wait_on_run impl_1
reset_run synth_1
launch_runs synth_1 -jobs 2
wait_on_run synth_1
launch_runs impl_1 -jobs 2
wait_on_run impl_1
reset_run synth_1
launch_runs synth_1 -jobs 2
wait_on_run synth_1
launch_runs impl_1 -jobs 2
wait_on_run impl_1
close_sim
